// Jest Snapshot v1, https://goo.gl/fbAQLP

exports[`(Component) Loading should render an Loading with result 1`] = `
<p
  className="title-loading"
>
  Field
</p>
`;
